// Jest Snapshot v1, https://goo.gl/fbAQLP

exports[`Connections Table should render properly 1`] = `<Avatarstyled__StyledAvatar />`;
